ARM GAS  C:\Users\VICTOR~1\AppData\Local\Temp\ccs9idjb.s 			page 1


   1              		.syntax unified
   2              		.cpu cortex-m3
   3              		.fpu softvfp
   4              		.eabi_attribute 20, 1
   5              		.eabi_attribute 21, 1
   6              		.eabi_attribute 23, 3
   7              		.eabi_attribute 24, 1
   8              		.eabi_attribute 25, 1
   9              		.eabi_attribute 26, 1
  10              		.eabi_attribute 30, 6
  11              		.eabi_attribute 34, 1
  12              		.eabi_attribute 18, 4
  13              		.thumb
  14              		.file	"Filter_PM.c"
  15              		.text
  16              	.Ltext0:
  17              		.cfi_sections	.debug_frame
  18              		.data
  19              		.align	2
  20              		.type	Filter_backup, %object
  21              		.size	Filter_backup, 68
  22              	Filter_backup:
  23 0000 00       		.byte	0
  24 0001 01       		.byte	1
  25 0002 00000000 		.space	66
  25      00000000 
  25      00000000 
  25      00000000 
  25      00000000 
  26              		.section	.text.Filter_SaveConfig,"ax",%progbits
  27              		.align	2
  28              		.global	Filter_SaveConfig
  29              		.thumb
  30              		.thumb_func
  31              		.type	Filter_SaveConfig, %function
  32              	Filter_SaveConfig:
  33              	.LFB0:
  34              		.file 1 ".\\Generated_Source\\PSoC5\\Filter_PM.c"
   1:.\Generated_Source\PSoC5/Filter_PM.c **** /*******************************************************************************
   2:.\Generated_Source\PSoC5/Filter_PM.c **** * File Name: Filter_PM.c
   3:.\Generated_Source\PSoC5/Filter_PM.c **** * Version 2.20
   4:.\Generated_Source\PSoC5/Filter_PM.c **** *
   5:.\Generated_Source\PSoC5/Filter_PM.c **** * Description:
   6:.\Generated_Source\PSoC5/Filter_PM.c **** *  This file provides the power managaer API source code for the FILT component.
   7:.\Generated_Source\PSoC5/Filter_PM.c **** *
   8:.\Generated_Source\PSoC5/Filter_PM.c **** * Note:
   9:.\Generated_Source\PSoC5/Filter_PM.c **** *  
  10:.\Generated_Source\PSoC5/Filter_PM.c **** *******************************************************************************
  11:.\Generated_Source\PSoC5/Filter_PM.c **** * Copyright 2008-2013, Cypress Semiconductor Corporation.  All rights reserved.
  12:.\Generated_Source\PSoC5/Filter_PM.c **** * You may use this file only in accordance with the license, terms, conditions, 
  13:.\Generated_Source\PSoC5/Filter_PM.c **** * disclaimers, and limitations in the end user license agreement accompanying 
  14:.\Generated_Source\PSoC5/Filter_PM.c **** * the software package with which this file was provided.
  15:.\Generated_Source\PSoC5/Filter_PM.c **** ********************************************************************************/
  16:.\Generated_Source\PSoC5/Filter_PM.c **** 
  17:.\Generated_Source\PSoC5/Filter_PM.c **** #include "Filter_PVT.h"
  18:.\Generated_Source\PSoC5/Filter_PM.c **** 
  19:.\Generated_Source\PSoC5/Filter_PM.c **** static Filter_backupStruct  Filter_backup = 
ARM GAS  C:\Users\VICTOR~1\AppData\Local\Temp\ccs9idjb.s 			page 2


  20:.\Generated_Source\PSoC5/Filter_PM.c **** {
  21:.\Generated_Source\PSoC5/Filter_PM.c ****     Filter_DISABLED,
  22:.\Generated_Source\PSoC5/Filter_PM.c ****     Filter_RUN_MASK,
  23:.\Generated_Source\PSoC5/Filter_PM.c ****     
  24:.\Generated_Source\PSoC5/Filter_PM.c **** };
  25:.\Generated_Source\PSoC5/Filter_PM.c **** 
  26:.\Generated_Source\PSoC5/Filter_PM.c **** 
  27:.\Generated_Source\PSoC5/Filter_PM.c **** /*******************************************************************************
  28:.\Generated_Source\PSoC5/Filter_PM.c **** * Function Name: Filter_SaveConfig
  29:.\Generated_Source\PSoC5/Filter_PM.c **** ********************************************************************************
  30:.\Generated_Source\PSoC5/Filter_PM.c **** *
  31:.\Generated_Source\PSoC5/Filter_PM.c **** * Summary:
  32:.\Generated_Source\PSoC5/Filter_PM.c **** *  Saves the current user configuration.
  33:.\Generated_Source\PSoC5/Filter_PM.c **** *  
  34:.\Generated_Source\PSoC5/Filter_PM.c **** * Parameters:  
  35:.\Generated_Source\PSoC5/Filter_PM.c **** *  void
  36:.\Generated_Source\PSoC5/Filter_PM.c **** *
  37:.\Generated_Source\PSoC5/Filter_PM.c **** * Return: 
  38:.\Generated_Source\PSoC5/Filter_PM.c **** *  void
  39:.\Generated_Source\PSoC5/Filter_PM.c **** *
  40:.\Generated_Source\PSoC5/Filter_PM.c **** * Global variables:
  41:.\Generated_Source\PSoC5/Filter_PM.c **** *  Filter_backup:  This global structure variable is used to store 
  42:.\Generated_Source\PSoC5/Filter_PM.c **** *  configuration registers which are non retention whenever user wants to go 
  43:.\Generated_Source\PSoC5/Filter_PM.c **** *  sleep mode by calling Sleep() API.
  44:.\Generated_Source\PSoC5/Filter_PM.c **** *
  45:.\Generated_Source\PSoC5/Filter_PM.c **** *******************************************************************************/
  46:.\Generated_Source\PSoC5/Filter_PM.c **** void Filter_SaveConfig(void) 
  47:.\Generated_Source\PSoC5/Filter_PM.c **** {
  35              		.loc 1 47 0
  36              		.cfi_startproc
  37              		@ args = 0, pretend = 0, frame = 0
  38              		@ frame_needed = 1, uses_anonymous_args = 0
  39              		@ link register save eliminated.
  40 0000 F0B4     		push	{r4, r5, r6, r7}
  41              	.LCFI0:
  42              		.cfi_def_cfa_offset 16
  43              		.cfi_offset 4, -16
  44              		.cfi_offset 5, -12
  45              		.cfi_offset 6, -8
  46              		.cfi_offset 7, -4
  47 0002 00AF     		add	r7, sp, #0
  48              	.LCFI1:
  49              		.cfi_def_cfa_register 7
  48:.\Generated_Source\PSoC5/Filter_PM.c ****     Filter_backup.cr = Filter_CR_REG;
  50              		.loc 1 48 0
  51 0004 4CF28073 		movw	r3, #51072
  52 0008 C4F20003 		movt	r3, 16384
  53 000c 1B78     		ldrb	r3, [r3, #0]
  54 000e DAB2     		uxtb	r2, r3
  55 0010 40F20003 		movw	r3, #:lower16:Filter_backup
  56 0014 C0F20003 		movt	r3, #:upper16:Filter_backup
  57 0018 5A70     		strb	r2, [r3, #1]
  49:.\Generated_Source\PSoC5/Filter_PM.c ****     Filter_backup.sr = Filter_SR_REG;
  58              		.loc 1 49 0
  59 001a 4CF28473 		movw	r3, #51076
  60 001e C4F20003 		movt	r3, 16384
  61 0022 1B78     		ldrb	r3, [r3, #0]
ARM GAS  C:\Users\VICTOR~1\AppData\Local\Temp\ccs9idjb.s 			page 3


  62 0024 DAB2     		uxtb	r2, r3
  63 0026 40F20003 		movw	r3, #:lower16:Filter_backup
  64 002a C0F20003 		movt	r3, #:upper16:Filter_backup
  65 002e 9A70     		strb	r2, [r3, #2]
  50:.\Generated_Source\PSoC5/Filter_PM.c ****     Filter_backup.sema = Filter_SEMA_REG;
  66              		.loc 1 50 0
  67 0030 4CF29073 		movw	r3, #51088
  68 0034 C4F20003 		movt	r3, 16384
  69 0038 1B78     		ldrb	r3, [r3, #0]
  70 003a DAB2     		uxtb	r2, r3
  71 003c 40F20003 		movw	r3, #:lower16:Filter_backup
  72 0040 C0F20003 		movt	r3, #:upper16:Filter_backup
  73 0044 DA70     		strb	r2, [r3, #3]
  51:.\Generated_Source\PSoC5/Filter_PM.c **** 
  52:.\Generated_Source\PSoC5/Filter_PM.c ****     /* Put DFB RAM on the bus */
  53:.\Generated_Source\PSoC5/Filter_PM.c ****     Filter_RAM_DIR_REG = Filter_RAM_DIR_BUS;
  74              		.loc 1 53 0
  75 0046 4CF28C73 		movw	r3, #51084
  76 004a C4F20003 		movt	r3, 16384
  77 004e 4FF03F02 		mov	r2, #63
  78 0052 1A70     		strb	r2, [r3, #0]
  54:.\Generated_Source\PSoC5/Filter_PM.c **** 
  55:.\Generated_Source\PSoC5/Filter_PM.c ****     /* Save the ACU RAM as this is not retension */
  56:.\Generated_Source\PSoC5/Filter_PM.c ****     (void)memcpy(Filter_backup.saveAcu,
  79              		.loc 1 56 0
  80 0054 40F20003 		movw	r3, #:lower16:Filter_backup
  81 0058 C0F20003 		movt	r3, #:upper16:Filter_backup
  82 005c 4FF44742 		mov	r2, #50944
  83 0060 C4F20002 		movt	r2, 16384
  84 0064 1446     		mov	r4, r2
  85 0066 03F10406 		add	r6, r3, #4
  86 006a 04F1400C 		add	ip, r4, #64
  87              	.L2:
  88 006e 3546     		mov	r5, r6
  89 0070 2346     		mov	r3, r4
  90 0072 1868     		ldr	r0, [r3, #0]	@ unaligned
  91 0074 5968     		ldr	r1, [r3, #4]	@ unaligned
  92 0076 9A68     		ldr	r2, [r3, #8]	@ unaligned
  93 0078 DB68     		ldr	r3, [r3, #12]	@ unaligned
  94 007a 0FC5     		stmia	r5!, {r0, r1, r2, r3}
  95 007c 04F11004 		add	r4, r4, #16
  96 0080 06F11006 		add	r6, r6, #16
  97 0084 6445     		cmp	r4, ip
  98 0086 F2D1     		bne	.L2
  57:.\Generated_Source\PSoC5/Filter_PM.c ****         Filter_ACU_RAM, Filter_ACU_RAM_SIZE); 
  58:.\Generated_Source\PSoC5/Filter_PM.c **** 
  59:.\Generated_Source\PSoC5/Filter_PM.c ****     /* Take DFB RAM off the bus */
  60:.\Generated_Source\PSoC5/Filter_PM.c ****     Filter_RAM_DIR_REG = Filter_RAM_DIR_DFB;
  99              		.loc 1 60 0
 100 0088 4CF28C73 		movw	r3, #51084
 101 008c C4F20003 		movt	r3, 16384
 102 0090 4FF00002 		mov	r2, #0
 103 0094 1A70     		strb	r2, [r3, #0]
  61:.\Generated_Source\PSoC5/Filter_PM.c **** }
 104              		.loc 1 61 0
 105 0096 BD46     		mov	sp, r7
 106 0098 F0BC     		pop	{r4, r5, r6, r7}
ARM GAS  C:\Users\VICTOR~1\AppData\Local\Temp\ccs9idjb.s 			page 4


 107 009a 7047     		bx	lr
 108              		.cfi_endproc
 109              	.LFE0:
 110              		.size	Filter_SaveConfig, .-Filter_SaveConfig
 111              		.section	.text.Filter_RestoreConfig,"ax",%progbits
 112              		.align	2
 113              		.global	Filter_RestoreConfig
 114              		.thumb
 115              		.thumb_func
 116              		.type	Filter_RestoreConfig, %function
 117              	Filter_RestoreConfig:
 118              	.LFB1:
  62:.\Generated_Source\PSoC5/Filter_PM.c **** 
  63:.\Generated_Source\PSoC5/Filter_PM.c **** 
  64:.\Generated_Source\PSoC5/Filter_PM.c **** /*******************************************************************************
  65:.\Generated_Source\PSoC5/Filter_PM.c **** * Function Name: Filter_RestoreConfig
  66:.\Generated_Source\PSoC5/Filter_PM.c **** ********************************************************************************
  67:.\Generated_Source\PSoC5/Filter_PM.c **** *
  68:.\Generated_Source\PSoC5/Filter_PM.c **** * Summary:
  69:.\Generated_Source\PSoC5/Filter_PM.c **** *  Restores the current user configuration.
  70:.\Generated_Source\PSoC5/Filter_PM.c **** *
  71:.\Generated_Source\PSoC5/Filter_PM.c **** * Parameters:  
  72:.\Generated_Source\PSoC5/Filter_PM.c **** *  void
  73:.\Generated_Source\PSoC5/Filter_PM.c **** *
  74:.\Generated_Source\PSoC5/Filter_PM.c **** * Return: 
  75:.\Generated_Source\PSoC5/Filter_PM.c **** *  void
  76:.\Generated_Source\PSoC5/Filter_PM.c **** *
  77:.\Generated_Source\PSoC5/Filter_PM.c **** * Global variables:
  78:.\Generated_Source\PSoC5/Filter_PM.c **** *  Filter_backup:  This global structure variable is used to restore 
  79:.\Generated_Source\PSoC5/Filter_PM.c **** *  configuration registers which are non retention whenever user wants to switch 
  80:.\Generated_Source\PSoC5/Filter_PM.c **** *  to active power mode by calling Wakeup() API.
  81:.\Generated_Source\PSoC5/Filter_PM.c **** *
  82:.\Generated_Source\PSoC5/Filter_PM.c **** *******************************************************************************/
  83:.\Generated_Source\PSoC5/Filter_PM.c **** void Filter_RestoreConfig(void) 
  84:.\Generated_Source\PSoC5/Filter_PM.c **** {
 119              		.loc 1 84 0
 120              		.cfi_startproc
 121              		@ args = 0, pretend = 0, frame = 0
 122              		@ frame_needed = 1, uses_anonymous_args = 0
 123              		@ link register save eliminated.
 124 0000 2DE9F001 		push	{r4, r5, r6, r7, r8}
 125              	.LCFI2:
 126              		.cfi_def_cfa_offset 20
 127              		.cfi_offset 4, -20
 128              		.cfi_offset 5, -16
 129              		.cfi_offset 6, -12
 130              		.cfi_offset 7, -8
 131              		.cfi_offset 8, -4
 132 0004 00AF     		add	r7, sp, #0
 133              	.LCFI3:
 134              		.cfi_def_cfa_register 7
  85:.\Generated_Source\PSoC5/Filter_PM.c ****     Filter_CR_REG = Filter_backup.cr;
 135              		.loc 1 85 0
 136 0006 4CF28073 		movw	r3, #51072
 137 000a C4F20003 		movt	r3, 16384
 138 000e 40F20002 		movw	r2, #:lower16:Filter_backup
 139 0012 C0F20002 		movt	r2, #:upper16:Filter_backup
ARM GAS  C:\Users\VICTOR~1\AppData\Local\Temp\ccs9idjb.s 			page 5


 140 0016 5278     		ldrb	r2, [r2, #1]	@ zero_extendqisi2
 141 0018 1A70     		strb	r2, [r3, #0]
  86:.\Generated_Source\PSoC5/Filter_PM.c ****     Filter_SR_REG = Filter_backup.sr;
 142              		.loc 1 86 0
 143 001a 4CF28473 		movw	r3, #51076
 144 001e C4F20003 		movt	r3, 16384
 145 0022 40F20002 		movw	r2, #:lower16:Filter_backup
 146 0026 C0F20002 		movt	r2, #:upper16:Filter_backup
 147 002a 9278     		ldrb	r2, [r2, #2]	@ zero_extendqisi2
 148 002c 1A70     		strb	r2, [r3, #0]
  87:.\Generated_Source\PSoC5/Filter_PM.c ****     Filter_SEMA_REG = Filter_backup.sema;
 149              		.loc 1 87 0
 150 002e 4CF29073 		movw	r3, #51088
 151 0032 C4F20003 		movt	r3, 16384
 152 0036 40F20002 		movw	r2, #:lower16:Filter_backup
 153 003a C0F20002 		movt	r2, #:upper16:Filter_backup
 154 003e D278     		ldrb	r2, [r2, #3]	@ zero_extendqisi2
 155 0040 1A70     		strb	r2, [r3, #0]
  88:.\Generated_Source\PSoC5/Filter_PM.c ****     
  89:.\Generated_Source\PSoC5/Filter_PM.c ****     /* Power on DFB before initializing the RAMs */
  90:.\Generated_Source\PSoC5/Filter_PM.c ****     Filter_PM_ACT_CFG_REG |= Filter_PM_ACT_MSK;
 156              		.loc 1 90 0
 157 0042 44F2A633 		movw	r3, #17318
 158 0046 C4F20003 		movt	r3, 16384
 159 004a 44F2A632 		movw	r2, #17318
 160 004e C4F20002 		movt	r2, 16384
 161 0052 1278     		ldrb	r2, [r2, #0]
 162 0054 D2B2     		uxtb	r2, r2
 163 0056 42F01002 		orr	r2, r2, #16
 164 005a D2B2     		uxtb	r2, r2
 165 005c 1A70     		strb	r2, [r3, #0]
  91:.\Generated_Source\PSoC5/Filter_PM.c **** 
  92:.\Generated_Source\PSoC5/Filter_PM.c ****     /* Put DFB RAM on the bus */
  93:.\Generated_Source\PSoC5/Filter_PM.c ****     Filter_RAM_DIR_REG = Filter_RAM_DIR_BUS;
 166              		.loc 1 93 0
 167 005e 4CF28C73 		movw	r3, #51084
 168 0062 C4F20003 		movt	r3, 16384
 169 0066 4FF03F02 		mov	r2, #63
 170 006a 1A70     		strb	r2, [r3, #0]
  94:.\Generated_Source\PSoC5/Filter_PM.c **** 
  95:.\Generated_Source\PSoC5/Filter_PM.c ****     /* Restore ACU RAM as this is not retension */
  96:.\Generated_Source\PSoC5/Filter_PM.c ****     (void)memcpy(Filter_ACU_RAM,
 171              		.loc 1 96 0
 172 006c 4FF44743 		mov	r3, #50944
 173 0070 C4F20003 		movt	r3, 16384
 174 0074 40F20002 		movw	r2, #:lower16:Filter_backup
 175 0078 C0F20002 		movt	r2, #:upper16:Filter_backup
 176 007c 02F10404 		add	r4, r2, #4
 177 0080 9C46     		mov	ip, r3
 178 0082 04F14008 		add	r8, r4, #64
 179              	.L4:
 180 0086 6546     		mov	r5, ip
 181 0088 2646     		mov	r6, r4
 182 008a 0FCE     		ldmia	r6!, {r0, r1, r2, r3}
 183 008c 2860     		str	r0, [r5, #0]	@ unaligned
 184 008e 6960     		str	r1, [r5, #4]	@ unaligned
 185 0090 AA60     		str	r2, [r5, #8]	@ unaligned
ARM GAS  C:\Users\VICTOR~1\AppData\Local\Temp\ccs9idjb.s 			page 6


 186 0092 EB60     		str	r3, [r5, #12]	@ unaligned
 187 0094 04F11004 		add	r4, r4, #16
 188 0098 0CF1100C 		add	ip, ip, #16
 189 009c 4445     		cmp	r4, r8
 190 009e F2D1     		bne	.L4
  97:.\Generated_Source\PSoC5/Filter_PM.c ****         Filter_backup.saveAcu, Filter_ACU_RAM_SIZE); 
  98:.\Generated_Source\PSoC5/Filter_PM.c **** 
  99:.\Generated_Source\PSoC5/Filter_PM.c ****     /* Take DFB RAM off the bus */
 100:.\Generated_Source\PSoC5/Filter_PM.c ****     Filter_RAM_DIR_REG = Filter_RAM_DIR_DFB;
 191              		.loc 1 100 0
 192 00a0 4CF28C73 		movw	r3, #51084
 193 00a4 C4F20003 		movt	r3, 16384
 194 00a8 4FF00002 		mov	r2, #0
 195 00ac 1A70     		strb	r2, [r3, #0]
 101:.\Generated_Source\PSoC5/Filter_PM.c **** }
 196              		.loc 1 101 0
 197 00ae BD46     		mov	sp, r7
 198 00b0 BDE8F001 		pop	{r4, r5, r6, r7, r8}
 199 00b4 7047     		bx	lr
 200              		.cfi_endproc
 201              	.LFE1:
 202              		.size	Filter_RestoreConfig, .-Filter_RestoreConfig
 203 00b6 00BF     		.section	.text.Filter_Sleep,"ax",%progbits
 204              		.align	2
 205              		.global	Filter_Sleep
 206              		.thumb
 207              		.thumb_func
 208              		.type	Filter_Sleep, %function
 209              	Filter_Sleep:
 210              	.LFB2:
 102:.\Generated_Source\PSoC5/Filter_PM.c **** 
 103:.\Generated_Source\PSoC5/Filter_PM.c **** 
 104:.\Generated_Source\PSoC5/Filter_PM.c **** /*******************************************************************************
 105:.\Generated_Source\PSoC5/Filter_PM.c **** * Function Name: Filter_Sleep
 106:.\Generated_Source\PSoC5/Filter_PM.c **** ********************************************************************************
 107:.\Generated_Source\PSoC5/Filter_PM.c **** *
 108:.\Generated_Source\PSoC5/Filter_PM.c **** * Summary:
 109:.\Generated_Source\PSoC5/Filter_PM.c **** *  Disables block's operation and saves its configuration. Should be called 
 110:.\Generated_Source\PSoC5/Filter_PM.c **** *  just prior to entering sleep.
 111:.\Generated_Source\PSoC5/Filter_PM.c **** *  
 112:.\Generated_Source\PSoC5/Filter_PM.c **** * Parameters:  
 113:.\Generated_Source\PSoC5/Filter_PM.c **** *  void
 114:.\Generated_Source\PSoC5/Filter_PM.c **** *
 115:.\Generated_Source\PSoC5/Filter_PM.c **** * Return: 
 116:.\Generated_Source\PSoC5/Filter_PM.c **** *  void
 117:.\Generated_Source\PSoC5/Filter_PM.c **** *
 118:.\Generated_Source\PSoC5/Filter_PM.c **** * Global variables:
 119:.\Generated_Source\PSoC5/Filter_PM.c **** *  Filter_backup:  The structure field 'enableState' is modified 
 120:.\Generated_Source\PSoC5/Filter_PM.c **** *  depending on the enable state of the block before entering to sleep mode.
 121:.\Generated_Source\PSoC5/Filter_PM.c **** *
 122:.\Generated_Source\PSoC5/Filter_PM.c **** *******************************************************************************/
 123:.\Generated_Source\PSoC5/Filter_PM.c **** void Filter_Sleep(void) 
 124:.\Generated_Source\PSoC5/Filter_PM.c **** {
 211              		.loc 1 124 0
 212              		.cfi_startproc
 213              		@ args = 0, pretend = 0, frame = 0
 214              		@ frame_needed = 1, uses_anonymous_args = 0
ARM GAS  C:\Users\VICTOR~1\AppData\Local\Temp\ccs9idjb.s 			page 7


 215 0000 80B5     		push	{r7, lr}
 216              	.LCFI4:
 217              		.cfi_def_cfa_offset 8
 218              		.cfi_offset 7, -8
 219              		.cfi_offset 14, -4
 220 0002 00AF     		add	r7, sp, #0
 221              	.LCFI5:
 222              		.cfi_def_cfa_register 7
 125:.\Generated_Source\PSoC5/Filter_PM.c ****     /* Save Filter enable state */
 126:.\Generated_Source\PSoC5/Filter_PM.c ****     if(Filter_PM_ACT_MSK == (Filter_PM_ACT_CFG_REG & Filter_PM_ACT_MSK))
 223              		.loc 1 126 0
 224 0004 44F2A633 		movw	r3, #17318
 225 0008 C4F20003 		movt	r3, 16384
 226 000c 1B78     		ldrb	r3, [r3, #0]
 227 000e DBB2     		uxtb	r3, r3
 228 0010 03F01003 		and	r3, r3, #16
 229 0014 002B     		cmp	r3, #0
 230 0016 07D0     		beq	.L6
 127:.\Generated_Source\PSoC5/Filter_PM.c ****     {
 128:.\Generated_Source\PSoC5/Filter_PM.c ****         /* Component is enabled */
 129:.\Generated_Source\PSoC5/Filter_PM.c ****         Filter_backup.enableState = Filter_ENABLED;
 231              		.loc 1 129 0
 232 0018 40F20003 		movw	r3, #:lower16:Filter_backup
 233 001c C0F20003 		movt	r3, #:upper16:Filter_backup
 234 0020 4FF00102 		mov	r2, #1
 235 0024 1A70     		strb	r2, [r3, #0]
 236 0026 06E0     		b	.L7
 237              	.L6:
 130:.\Generated_Source\PSoC5/Filter_PM.c ****     }
 131:.\Generated_Source\PSoC5/Filter_PM.c ****     else
 132:.\Generated_Source\PSoC5/Filter_PM.c ****     {
 133:.\Generated_Source\PSoC5/Filter_PM.c ****         /* Component is disabled */
 134:.\Generated_Source\PSoC5/Filter_PM.c ****         Filter_backup.enableState = Filter_DISABLED;
 238              		.loc 1 134 0
 239 0028 40F20003 		movw	r3, #:lower16:Filter_backup
 240 002c C0F20003 		movt	r3, #:upper16:Filter_backup
 241 0030 4FF00002 		mov	r2, #0
 242 0034 1A70     		strb	r2, [r3, #0]
 243              	.L7:
 135:.\Generated_Source\PSoC5/Filter_PM.c ****     }
 136:.\Generated_Source\PSoC5/Filter_PM.c **** 
 137:.\Generated_Source\PSoC5/Filter_PM.c ****     /* Save the configuration */
 138:.\Generated_Source\PSoC5/Filter_PM.c ****     Filter_SaveConfig();
 244              		.loc 1 138 0
 245 0036 FFF7FEFF 		bl	Filter_SaveConfig
 139:.\Generated_Source\PSoC5/Filter_PM.c ****     
 140:.\Generated_Source\PSoC5/Filter_PM.c ****     /* Stop the component */
 141:.\Generated_Source\PSoC5/Filter_PM.c ****     Filter_Stop();
 246              		.loc 1 141 0
 247 003a FFF7FEFF 		bl	Filter_Stop
 142:.\Generated_Source\PSoC5/Filter_PM.c **** }
 248              		.loc 1 142 0
 249 003e 80BD     		pop	{r7, pc}
 250              		.cfi_endproc
 251              	.LFE2:
 252              		.size	Filter_Sleep, .-Filter_Sleep
 253              		.section	.text.Filter_Wakeup,"ax",%progbits
ARM GAS  C:\Users\VICTOR~1\AppData\Local\Temp\ccs9idjb.s 			page 8


 254              		.align	2
 255              		.global	Filter_Wakeup
 256              		.thumb
 257              		.thumb_func
 258              		.type	Filter_Wakeup, %function
 259              	Filter_Wakeup:
 260              	.LFB3:
 143:.\Generated_Source\PSoC5/Filter_PM.c **** 
 144:.\Generated_Source\PSoC5/Filter_PM.c **** 
 145:.\Generated_Source\PSoC5/Filter_PM.c **** /*******************************************************************************
 146:.\Generated_Source\PSoC5/Filter_PM.c **** * Function Name: Filter_Wakeup
 147:.\Generated_Source\PSoC5/Filter_PM.c **** ********************************************************************************
 148:.\Generated_Source\PSoC5/Filter_PM.c **** *
 149:.\Generated_Source\PSoC5/Filter_PM.c **** * Summary:
 150:.\Generated_Source\PSoC5/Filter_PM.c **** *  Enables block's operation and restores its configuration. Should be called
 151:.\Generated_Source\PSoC5/Filter_PM.c **** *  just after awaking from sleep.
 152:.\Generated_Source\PSoC5/Filter_PM.c **** *  
 153:.\Generated_Source\PSoC5/Filter_PM.c **** * Parameters:  
 154:.\Generated_Source\PSoC5/Filter_PM.c **** *  void
 155:.\Generated_Source\PSoC5/Filter_PM.c **** *
 156:.\Generated_Source\PSoC5/Filter_PM.c **** * Return: 
 157:.\Generated_Source\PSoC5/Filter_PM.c **** *  void
 158:.\Generated_Source\PSoC5/Filter_PM.c **** *
 159:.\Generated_Source\PSoC5/Filter_PM.c **** * Global variables:
 160:.\Generated_Source\PSoC5/Filter_PM.c **** *  Filter_backup:  The structure field 'enableState' is used to 
 161:.\Generated_Source\PSoC5/Filter_PM.c **** *  restore the enable state of block after wakeup from sleep mode.
 162:.\Generated_Source\PSoC5/Filter_PM.c **** *
 163:.\Generated_Source\PSoC5/Filter_PM.c **** *******************************************************************************/
 164:.\Generated_Source\PSoC5/Filter_PM.c **** void Filter_Wakeup(void) 
 165:.\Generated_Source\PSoC5/Filter_PM.c **** {
 261              		.loc 1 165 0
 262              		.cfi_startproc
 263              		@ args = 0, pretend = 0, frame = 0
 264              		@ frame_needed = 1, uses_anonymous_args = 0
 265 0000 80B5     		push	{r7, lr}
 266              	.LCFI6:
 267              		.cfi_def_cfa_offset 8
 268              		.cfi_offset 7, -8
 269              		.cfi_offset 14, -4
 270 0002 00AF     		add	r7, sp, #0
 271              	.LCFI7:
 272              		.cfi_def_cfa_register 7
 166:.\Generated_Source\PSoC5/Filter_PM.c ****     /* Restore the configuration */
 167:.\Generated_Source\PSoC5/Filter_PM.c ****     Filter_RestoreConfig();
 273              		.loc 1 167 0
 274 0004 FFF7FEFF 		bl	Filter_RestoreConfig
 168:.\Generated_Source\PSoC5/Filter_PM.c ****     
 169:.\Generated_Source\PSoC5/Filter_PM.c ****     /* Enable's the component operation */
 170:.\Generated_Source\PSoC5/Filter_PM.c ****     if(Filter_backup.enableState == Filter_ENABLED)
 275              		.loc 1 170 0
 276 0008 40F20003 		movw	r3, #:lower16:Filter_backup
 277 000c C0F20003 		movt	r3, #:upper16:Filter_backup
 278 0010 1B78     		ldrb	r3, [r3, #0]	@ zero_extendqisi2
 279 0012 012B     		cmp	r3, #1
 280 0014 01D1     		bne	.L8
 171:.\Generated_Source\PSoC5/Filter_PM.c ****     {
 172:.\Generated_Source\PSoC5/Filter_PM.c ****         Filter_Enable();
ARM GAS  C:\Users\VICTOR~1\AppData\Local\Temp\ccs9idjb.s 			page 9


 281              		.loc 1 172 0
 282 0016 FFF7FEFF 		bl	Filter_Enable
 283              	.L8:
 173:.\Generated_Source\PSoC5/Filter_PM.c ****     } /* Do nothing if component was disable before */
 174:.\Generated_Source\PSoC5/Filter_PM.c **** }
 284              		.loc 1 174 0
 285 001a 80BD     		pop	{r7, pc}
 286              		.cfi_endproc
 287              	.LFE3:
 288              		.size	Filter_Wakeup, .-Filter_Wakeup
 289              		.text
 290              	.Letext0:
 291              		.file 2 ".\\Generated_Source\\PSoC5\\cytypes.h"
 292              		.file 3 ".\\Generated_Source\\PSoC5\\Filter.H"
 293              		.section	.debug_info,"",%progbits
 294              	.Ldebug_info0:
 295 0000 7F010000 		.4byte	0x17f
 296 0004 0200     		.2byte	0x2
 297 0006 00000000 		.4byte	.Ldebug_abbrev0
 298 000a 04       		.byte	0x4
 299 000b 01       		.uleb128 0x1
 300 000c 7B010000 		.4byte	.LASF24
 301 0010 01       		.byte	0x1
 302 0011 F8000000 		.4byte	.LASF25
 303 0015 05000000 		.4byte	.LASF26
 304 0019 00000000 		.4byte	.Ldebug_ranges0+0
 305 001d 00000000 		.4byte	0
 306 0021 00000000 		.4byte	0
 307 0025 00000000 		.4byte	.Ldebug_line0
 308 0029 02       		.uleb128 0x2
 309 002a 01       		.byte	0x1
 310 002b 06       		.byte	0x6
 311 002c D9010000 		.4byte	.LASF0
 312 0030 02       		.uleb128 0x2
 313 0031 01       		.byte	0x1
 314 0032 08       		.byte	0x8
 315 0033 91000000 		.4byte	.LASF1
 316 0037 02       		.uleb128 0x2
 317 0038 02       		.byte	0x2
 318 0039 05       		.byte	0x5
 319 003a 71010000 		.4byte	.LASF2
 320 003e 02       		.uleb128 0x2
 321 003f 02       		.byte	0x2
 322 0040 07       		.byte	0x7
 323 0041 5B000000 		.4byte	.LASF3
 324 0045 03       		.uleb128 0x3
 325 0046 04       		.byte	0x4
 326 0047 05       		.byte	0x5
 327 0048 696E7400 		.ascii	"int\000"
 328 004c 02       		.uleb128 0x2
 329 004d 04       		.byte	0x4
 330 004e 07       		.byte	0x7
 331 004f 1D010000 		.4byte	.LASF4
 332 0053 02       		.uleb128 0x2
 333 0054 08       		.byte	0x8
 334 0055 05       		.byte	0x5
 335 0056 5E010000 		.4byte	.LASF5
ARM GAS  C:\Users\VICTOR~1\AppData\Local\Temp\ccs9idjb.s 			page 10


 336 005a 02       		.uleb128 0x2
 337 005b 08       		.byte	0x8
 338 005c 07       		.byte	0x7
 339 005d 3E010000 		.4byte	.LASF6
 340 0061 02       		.uleb128 0x2
 341 0062 04       		.byte	0x4
 342 0063 05       		.byte	0x5
 343 0064 C4010000 		.4byte	.LASF7
 344 0068 02       		.uleb128 0x2
 345 0069 04       		.byte	0x4
 346 006a 07       		.byte	0x7
 347 006b 55010000 		.4byte	.LASF8
 348 006f 02       		.uleb128 0x2
 349 0070 04       		.byte	0x4
 350 0071 07       		.byte	0x7
 351 0072 A4000000 		.4byte	.LASF9
 352 0076 02       		.uleb128 0x2
 353 0077 01       		.byte	0x1
 354 0078 08       		.byte	0x8
 355 0079 6C010000 		.4byte	.LASF10
 356 007d 04       		.uleb128 0x4
 357 007e B6000000 		.4byte	.LASF11
 358 0082 02       		.byte	0x2
 359 0083 5B       		.byte	0x5b
 360 0084 30000000 		.4byte	0x30
 361 0088 04       		.uleb128 0x4
 362 0089 F1000000 		.4byte	.LASF12
 363 008d 02       		.byte	0x2
 364 008e 5C       		.byte	0x5c
 365 008f 3E000000 		.4byte	0x3e
 366 0093 02       		.uleb128 0x2
 367 0094 04       		.byte	0x4
 368 0095 04       		.byte	0x4
 369 0096 83000000 		.4byte	.LASF13
 370 009a 02       		.uleb128 0x2
 371 009b 08       		.byte	0x8
 372 009c 04       		.byte	0x4
 373 009d CA000000 		.4byte	.LASF14
 374 00a1 04       		.uleb128 0x4
 375 00a2 9F000000 		.4byte	.LASF15
 376 00a6 02       		.byte	0x2
 377 00a7 F0       		.byte	0xf0
 378 00a8 AC000000 		.4byte	0xac
 379 00ac 05       		.uleb128 0x5
 380 00ad 7D000000 		.4byte	0x7d
 381 00b1 06       		.uleb128 0x6
 382 00b2 44       		.byte	0x44
 383 00b3 03       		.byte	0x3
 384 00b4 2E       		.byte	0x2e
 385 00b5 FE000000 		.4byte	0xfe
 386 00b9 07       		.uleb128 0x7
 387 00ba CD010000 		.4byte	.LASF16
 388 00be 03       		.byte	0x3
 389 00bf 30       		.byte	0x30
 390 00c0 7D000000 		.4byte	0x7d
 391 00c4 02       		.byte	0x2
 392 00c5 23       		.byte	0x23
ARM GAS  C:\Users\VICTOR~1\AppData\Local\Temp\ccs9idjb.s 			page 11


 393 00c6 00       		.uleb128 0
 394 00c7 08       		.uleb128 0x8
 395 00c8 637200   		.ascii	"cr\000"
 396 00cb 03       		.byte	0x3
 397 00cc 31       		.byte	0x31
 398 00cd 7D000000 		.4byte	0x7d
 399 00d1 02       		.byte	0x2
 400 00d2 23       		.byte	0x23
 401 00d3 01       		.uleb128 0x1
 402 00d4 08       		.uleb128 0x8
 403 00d5 737200   		.ascii	"sr\000"
 404 00d8 03       		.byte	0x3
 405 00d9 32       		.byte	0x32
 406 00da 7D000000 		.4byte	0x7d
 407 00de 02       		.byte	0x2
 408 00df 23       		.byte	0x23
 409 00e0 02       		.uleb128 0x2
 410 00e1 07       		.uleb128 0x7
 411 00e2 00000000 		.4byte	.LASF17
 412 00e6 03       		.byte	0x3
 413 00e7 33       		.byte	0x33
 414 00e8 7D000000 		.4byte	0x7d
 415 00ec 02       		.byte	0x2
 416 00ed 23       		.byte	0x23
 417 00ee 03       		.uleb128 0x3
 418 00ef 07       		.uleb128 0x7
 419 00f0 89000000 		.4byte	.LASF18
 420 00f4 03       		.byte	0x3
 421 00f5 34       		.byte	0x34
 422 00f6 FE000000 		.4byte	0xfe
 423 00fa 02       		.byte	0x2
 424 00fb 23       		.byte	0x23
 425 00fc 04       		.uleb128 0x4
 426 00fd 00       		.byte	0
 427 00fe 09       		.uleb128 0x9
 428 00ff 7D000000 		.4byte	0x7d
 429 0103 0E010000 		.4byte	0x10e
 430 0107 0A       		.uleb128 0xa
 431 0108 68000000 		.4byte	0x68
 432 010c 3F       		.byte	0x3f
 433 010d 00       		.byte	0
 434 010e 04       		.uleb128 0x4
 435 010f 2A010000 		.4byte	.LASF19
 436 0113 03       		.byte	0x3
 437 0114 35       		.byte	0x35
 438 0115 B1000000 		.4byte	0xb1
 439 0119 0B       		.uleb128 0xb
 440 011a 01       		.byte	0x1
 441 011b D1000000 		.4byte	.LASF20
 442 011f 01       		.byte	0x1
 443 0120 2E       		.byte	0x2e
 444 0121 01       		.byte	0x1
 445 0122 00000000 		.4byte	.LFB0
 446 0126 9C000000 		.4byte	.LFE0
 447 012a 00000000 		.4byte	.LLST0
 448 012e 01       		.byte	0x1
 449 012f 0B       		.uleb128 0xb
ARM GAS  C:\Users\VICTOR~1\AppData\Local\Temp\ccs9idjb.s 			page 12


 450 0130 01       		.byte	0x1
 451 0131 6E000000 		.4byte	.LASF21
 452 0135 01       		.byte	0x1
 453 0136 53       		.byte	0x53
 454 0137 01       		.byte	0x1
 455 0138 00000000 		.4byte	.LFB1
 456 013c B6000000 		.4byte	.LFE1
 457 0140 2C000000 		.4byte	.LLST1
 458 0144 01       		.byte	0x1
 459 0145 0C       		.uleb128 0xc
 460 0146 01       		.byte	0x1
 461 0147 4E000000 		.4byte	.LASF22
 462 014b 01       		.byte	0x1
 463 014c 7B       		.byte	0x7b
 464 014d 01       		.byte	0x1
 465 014e 00000000 		.4byte	.LFB2
 466 0152 40000000 		.4byte	.LFE2
 467 0156 58000000 		.4byte	.LLST2
 468 015a 01       		.byte	0x1
 469 015b 0C       		.uleb128 0xc
 470 015c 01       		.byte	0x1
 471 015d BC000000 		.4byte	.LASF23
 472 0161 01       		.byte	0x1
 473 0162 A4       		.byte	0xa4
 474 0163 01       		.byte	0x1
 475 0164 00000000 		.4byte	.LFB3
 476 0168 1C000000 		.4byte	.LFE3
 477 016c 84000000 		.4byte	.LLST3
 478 0170 01       		.byte	0x1
 479 0171 0D       		.uleb128 0xd
 480 0172 E3000000 		.4byte	.LASF27
 481 0176 01       		.byte	0x1
 482 0177 13       		.byte	0x13
 483 0178 0E010000 		.4byte	0x10e
 484 017c 05       		.byte	0x5
 485 017d 03       		.byte	0x3
 486 017e 00000000 		.4byte	Filter_backup
 487 0182 00       		.byte	0
 488              		.section	.debug_abbrev,"",%progbits
 489              	.Ldebug_abbrev0:
 490 0000 01       		.uleb128 0x1
 491 0001 11       		.uleb128 0x11
 492 0002 01       		.byte	0x1
 493 0003 25       		.uleb128 0x25
 494 0004 0E       		.uleb128 0xe
 495 0005 13       		.uleb128 0x13
 496 0006 0B       		.uleb128 0xb
 497 0007 03       		.uleb128 0x3
 498 0008 0E       		.uleb128 0xe
 499 0009 1B       		.uleb128 0x1b
 500 000a 0E       		.uleb128 0xe
 501 000b 55       		.uleb128 0x55
 502 000c 06       		.uleb128 0x6
 503 000d 11       		.uleb128 0x11
 504 000e 01       		.uleb128 0x1
 505 000f 52       		.uleb128 0x52
 506 0010 01       		.uleb128 0x1
ARM GAS  C:\Users\VICTOR~1\AppData\Local\Temp\ccs9idjb.s 			page 13


 507 0011 10       		.uleb128 0x10
 508 0012 06       		.uleb128 0x6
 509 0013 00       		.byte	0
 510 0014 00       		.byte	0
 511 0015 02       		.uleb128 0x2
 512 0016 24       		.uleb128 0x24
 513 0017 00       		.byte	0
 514 0018 0B       		.uleb128 0xb
 515 0019 0B       		.uleb128 0xb
 516 001a 3E       		.uleb128 0x3e
 517 001b 0B       		.uleb128 0xb
 518 001c 03       		.uleb128 0x3
 519 001d 0E       		.uleb128 0xe
 520 001e 00       		.byte	0
 521 001f 00       		.byte	0
 522 0020 03       		.uleb128 0x3
 523 0021 24       		.uleb128 0x24
 524 0022 00       		.byte	0
 525 0023 0B       		.uleb128 0xb
 526 0024 0B       		.uleb128 0xb
 527 0025 3E       		.uleb128 0x3e
 528 0026 0B       		.uleb128 0xb
 529 0027 03       		.uleb128 0x3
 530 0028 08       		.uleb128 0x8
 531 0029 00       		.byte	0
 532 002a 00       		.byte	0
 533 002b 04       		.uleb128 0x4
 534 002c 16       		.uleb128 0x16
 535 002d 00       		.byte	0
 536 002e 03       		.uleb128 0x3
 537 002f 0E       		.uleb128 0xe
 538 0030 3A       		.uleb128 0x3a
 539 0031 0B       		.uleb128 0xb
 540 0032 3B       		.uleb128 0x3b
 541 0033 0B       		.uleb128 0xb
 542 0034 49       		.uleb128 0x49
 543 0035 13       		.uleb128 0x13
 544 0036 00       		.byte	0
 545 0037 00       		.byte	0
 546 0038 05       		.uleb128 0x5
 547 0039 35       		.uleb128 0x35
 548 003a 00       		.byte	0
 549 003b 49       		.uleb128 0x49
 550 003c 13       		.uleb128 0x13
 551 003d 00       		.byte	0
 552 003e 00       		.byte	0
 553 003f 06       		.uleb128 0x6
 554 0040 13       		.uleb128 0x13
 555 0041 01       		.byte	0x1
 556 0042 0B       		.uleb128 0xb
 557 0043 0B       		.uleb128 0xb
 558 0044 3A       		.uleb128 0x3a
 559 0045 0B       		.uleb128 0xb
 560 0046 3B       		.uleb128 0x3b
 561 0047 0B       		.uleb128 0xb
 562 0048 01       		.uleb128 0x1
 563 0049 13       		.uleb128 0x13
ARM GAS  C:\Users\VICTOR~1\AppData\Local\Temp\ccs9idjb.s 			page 14


 564 004a 00       		.byte	0
 565 004b 00       		.byte	0
 566 004c 07       		.uleb128 0x7
 567 004d 0D       		.uleb128 0xd
 568 004e 00       		.byte	0
 569 004f 03       		.uleb128 0x3
 570 0050 0E       		.uleb128 0xe
 571 0051 3A       		.uleb128 0x3a
 572 0052 0B       		.uleb128 0xb
 573 0053 3B       		.uleb128 0x3b
 574 0054 0B       		.uleb128 0xb
 575 0055 49       		.uleb128 0x49
 576 0056 13       		.uleb128 0x13
 577 0057 38       		.uleb128 0x38
 578 0058 0A       		.uleb128 0xa
 579 0059 00       		.byte	0
 580 005a 00       		.byte	0
 581 005b 08       		.uleb128 0x8
 582 005c 0D       		.uleb128 0xd
 583 005d 00       		.byte	0
 584 005e 03       		.uleb128 0x3
 585 005f 08       		.uleb128 0x8
 586 0060 3A       		.uleb128 0x3a
 587 0061 0B       		.uleb128 0xb
 588 0062 3B       		.uleb128 0x3b
 589 0063 0B       		.uleb128 0xb
 590 0064 49       		.uleb128 0x49
 591 0065 13       		.uleb128 0x13
 592 0066 38       		.uleb128 0x38
 593 0067 0A       		.uleb128 0xa
 594 0068 00       		.byte	0
 595 0069 00       		.byte	0
 596 006a 09       		.uleb128 0x9
 597 006b 01       		.uleb128 0x1
 598 006c 01       		.byte	0x1
 599 006d 49       		.uleb128 0x49
 600 006e 13       		.uleb128 0x13
 601 006f 01       		.uleb128 0x1
 602 0070 13       		.uleb128 0x13
 603 0071 00       		.byte	0
 604 0072 00       		.byte	0
 605 0073 0A       		.uleb128 0xa
 606 0074 21       		.uleb128 0x21
 607 0075 00       		.byte	0
 608 0076 49       		.uleb128 0x49
 609 0077 13       		.uleb128 0x13
 610 0078 2F       		.uleb128 0x2f
 611 0079 0B       		.uleb128 0xb
 612 007a 00       		.byte	0
 613 007b 00       		.byte	0
 614 007c 0B       		.uleb128 0xb
 615 007d 2E       		.uleb128 0x2e
 616 007e 00       		.byte	0
 617 007f 3F       		.uleb128 0x3f
 618 0080 0C       		.uleb128 0xc
 619 0081 03       		.uleb128 0x3
 620 0082 0E       		.uleb128 0xe
ARM GAS  C:\Users\VICTOR~1\AppData\Local\Temp\ccs9idjb.s 			page 15


 621 0083 3A       		.uleb128 0x3a
 622 0084 0B       		.uleb128 0xb
 623 0085 3B       		.uleb128 0x3b
 624 0086 0B       		.uleb128 0xb
 625 0087 27       		.uleb128 0x27
 626 0088 0C       		.uleb128 0xc
 627 0089 11       		.uleb128 0x11
 628 008a 01       		.uleb128 0x1
 629 008b 12       		.uleb128 0x12
 630 008c 01       		.uleb128 0x1
 631 008d 40       		.uleb128 0x40
 632 008e 06       		.uleb128 0x6
 633 008f 9742     		.uleb128 0x2117
 634 0091 0C       		.uleb128 0xc
 635 0092 00       		.byte	0
 636 0093 00       		.byte	0
 637 0094 0C       		.uleb128 0xc
 638 0095 2E       		.uleb128 0x2e
 639 0096 00       		.byte	0
 640 0097 3F       		.uleb128 0x3f
 641 0098 0C       		.uleb128 0xc
 642 0099 03       		.uleb128 0x3
 643 009a 0E       		.uleb128 0xe
 644 009b 3A       		.uleb128 0x3a
 645 009c 0B       		.uleb128 0xb
 646 009d 3B       		.uleb128 0x3b
 647 009e 0B       		.uleb128 0xb
 648 009f 27       		.uleb128 0x27
 649 00a0 0C       		.uleb128 0xc
 650 00a1 11       		.uleb128 0x11
 651 00a2 01       		.uleb128 0x1
 652 00a3 12       		.uleb128 0x12
 653 00a4 01       		.uleb128 0x1
 654 00a5 40       		.uleb128 0x40
 655 00a6 06       		.uleb128 0x6
 656 00a7 9642     		.uleb128 0x2116
 657 00a9 0C       		.uleb128 0xc
 658 00aa 00       		.byte	0
 659 00ab 00       		.byte	0
 660 00ac 0D       		.uleb128 0xd
 661 00ad 34       		.uleb128 0x34
 662 00ae 00       		.byte	0
 663 00af 03       		.uleb128 0x3
 664 00b0 0E       		.uleb128 0xe
 665 00b1 3A       		.uleb128 0x3a
 666 00b2 0B       		.uleb128 0xb
 667 00b3 3B       		.uleb128 0x3b
 668 00b4 0B       		.uleb128 0xb
 669 00b5 49       		.uleb128 0x49
 670 00b6 13       		.uleb128 0x13
 671 00b7 02       		.uleb128 0x2
 672 00b8 0A       		.uleb128 0xa
 673 00b9 00       		.byte	0
 674 00ba 00       		.byte	0
 675 00bb 00       		.byte	0
 676              		.section	.debug_loc,"",%progbits
 677              	.Ldebug_loc0:
ARM GAS  C:\Users\VICTOR~1\AppData\Local\Temp\ccs9idjb.s 			page 16


 678              	.LLST0:
 679 0000 00000000 		.4byte	.LFB0
 680 0004 02000000 		.4byte	.LCFI0
 681 0008 0200     		.2byte	0x2
 682 000a 7D       		.byte	0x7d
 683 000b 00       		.sleb128 0
 684 000c 02000000 		.4byte	.LCFI0
 685 0010 04000000 		.4byte	.LCFI1
 686 0014 0200     		.2byte	0x2
 687 0016 7D       		.byte	0x7d
 688 0017 10       		.sleb128 16
 689 0018 04000000 		.4byte	.LCFI1
 690 001c 9C000000 		.4byte	.LFE0
 691 0020 0200     		.2byte	0x2
 692 0022 77       		.byte	0x77
 693 0023 10       		.sleb128 16
 694 0024 00000000 		.4byte	0
 695 0028 00000000 		.4byte	0
 696              	.LLST1:
 697 002c 00000000 		.4byte	.LFB1
 698 0030 04000000 		.4byte	.LCFI2
 699 0034 0200     		.2byte	0x2
 700 0036 7D       		.byte	0x7d
 701 0037 00       		.sleb128 0
 702 0038 04000000 		.4byte	.LCFI2
 703 003c 06000000 		.4byte	.LCFI3
 704 0040 0200     		.2byte	0x2
 705 0042 7D       		.byte	0x7d
 706 0043 14       		.sleb128 20
 707 0044 06000000 		.4byte	.LCFI3
 708 0048 B6000000 		.4byte	.LFE1
 709 004c 0200     		.2byte	0x2
 710 004e 77       		.byte	0x77
 711 004f 14       		.sleb128 20
 712 0050 00000000 		.4byte	0
 713 0054 00000000 		.4byte	0
 714              	.LLST2:
 715 0058 00000000 		.4byte	.LFB2
 716 005c 02000000 		.4byte	.LCFI4
 717 0060 0200     		.2byte	0x2
 718 0062 7D       		.byte	0x7d
 719 0063 00       		.sleb128 0
 720 0064 02000000 		.4byte	.LCFI4
 721 0068 04000000 		.4byte	.LCFI5
 722 006c 0200     		.2byte	0x2
 723 006e 7D       		.byte	0x7d
 724 006f 08       		.sleb128 8
 725 0070 04000000 		.4byte	.LCFI5
 726 0074 40000000 		.4byte	.LFE2
 727 0078 0200     		.2byte	0x2
 728 007a 77       		.byte	0x77
 729 007b 08       		.sleb128 8
 730 007c 00000000 		.4byte	0
 731 0080 00000000 		.4byte	0
 732              	.LLST3:
 733 0084 00000000 		.4byte	.LFB3
 734 0088 02000000 		.4byte	.LCFI6
ARM GAS  C:\Users\VICTOR~1\AppData\Local\Temp\ccs9idjb.s 			page 17


 735 008c 0200     		.2byte	0x2
 736 008e 7D       		.byte	0x7d
 737 008f 00       		.sleb128 0
 738 0090 02000000 		.4byte	.LCFI6
 739 0094 04000000 		.4byte	.LCFI7
 740 0098 0200     		.2byte	0x2
 741 009a 7D       		.byte	0x7d
 742 009b 08       		.sleb128 8
 743 009c 04000000 		.4byte	.LCFI7
 744 00a0 1C000000 		.4byte	.LFE3
 745 00a4 0200     		.2byte	0x2
 746 00a6 77       		.byte	0x77
 747 00a7 08       		.sleb128 8
 748 00a8 00000000 		.4byte	0
 749 00ac 00000000 		.4byte	0
 750              		.section	.debug_aranges,"",%progbits
 751 0000 34000000 		.4byte	0x34
 752 0004 0200     		.2byte	0x2
 753 0006 00000000 		.4byte	.Ldebug_info0
 754 000a 04       		.byte	0x4
 755 000b 00       		.byte	0
 756 000c 0000     		.2byte	0
 757 000e 0000     		.2byte	0
 758 0010 00000000 		.4byte	.LFB0
 759 0014 9C000000 		.4byte	.LFE0-.LFB0
 760 0018 00000000 		.4byte	.LFB1
 761 001c B6000000 		.4byte	.LFE1-.LFB1
 762 0020 00000000 		.4byte	.LFB2
 763 0024 40000000 		.4byte	.LFE2-.LFB2
 764 0028 00000000 		.4byte	.LFB3
 765 002c 1C000000 		.4byte	.LFE3-.LFB3
 766 0030 00000000 		.4byte	0
 767 0034 00000000 		.4byte	0
 768              		.section	.debug_ranges,"",%progbits
 769              	.Ldebug_ranges0:
 770 0000 00000000 		.4byte	.LFB0
 771 0004 9C000000 		.4byte	.LFE0
 772 0008 00000000 		.4byte	.LFB1
 773 000c B6000000 		.4byte	.LFE1
 774 0010 00000000 		.4byte	.LFB2
 775 0014 40000000 		.4byte	.LFE2
 776 0018 00000000 		.4byte	.LFB3
 777 001c 1C000000 		.4byte	.LFE3
 778 0020 00000000 		.4byte	0
 779 0024 00000000 		.4byte	0
 780              		.section	.debug_line,"",%progbits
 781              	.Ldebug_line0:
 782 0000 B4000000 		.section	.debug_str,"MS",%progbits,1
 782      02005400 
 782      00000201 
 782      FB0E0D00 
 782      01010101 
 783              	.LASF17:
 784 0000 73656D61 		.ascii	"sema\000"
 784      00
 785              	.LASF26:
 786 0005 433A5C55 		.ascii	"C:\\Users\\Victor Ruela\\Desktop\\IC\\CTPmag\\teste"
ARM GAS  C:\Users\VICTOR~1\AppData\Local\Temp\ccs9idjb.s 			page 18


 786      73657273 
 786      5C566963 
 786      746F7220 
 786      5275656C 
 787 0032 5553425C 		.ascii	"USB\\TesteUSB\\TesteUSB.cydsn\000"
 787      54657374 
 787      65555342 
 787      5C546573 
 787      74655553 
 788              	.LASF22:
 789 004e 46696C74 		.ascii	"Filter_Sleep\000"
 789      65725F53 
 789      6C656570 
 789      00
 790              	.LASF3:
 791 005b 73686F72 		.ascii	"short unsigned int\000"
 791      7420756E 
 791      7369676E 
 791      65642069 
 791      6E7400
 792              	.LASF21:
 793 006e 46696C74 		.ascii	"Filter_RestoreConfig\000"
 793      65725F52 
 793      6573746F 
 793      7265436F 
 793      6E666967 
 794              	.LASF13:
 795 0083 666C6F61 		.ascii	"float\000"
 795      7400
 796              	.LASF18:
 797 0089 73617665 		.ascii	"saveAcu\000"
 797      41637500 
 798              	.LASF1:
 799 0091 756E7369 		.ascii	"unsigned char\000"
 799      676E6564 
 799      20636861 
 799      7200
 800              	.LASF15:
 801 009f 72656738 		.ascii	"reg8\000"
 801      00
 802              	.LASF9:
 803 00a4 6C6F6E67 		.ascii	"long unsigned int\000"
 803      20756E73 
 803      69676E65 
 803      6420696E 
 803      7400
 804              	.LASF11:
 805 00b6 75696E74 		.ascii	"uint8\000"
 805      3800
 806              	.LASF23:
 807 00bc 46696C74 		.ascii	"Filter_Wakeup\000"
 807      65725F57 
 807      616B6575 
 807      7000
 808              	.LASF14:
 809 00ca 646F7562 		.ascii	"double\000"
 809      6C6500
ARM GAS  C:\Users\VICTOR~1\AppData\Local\Temp\ccs9idjb.s 			page 19


 810              	.LASF20:
 811 00d1 46696C74 		.ascii	"Filter_SaveConfig\000"
 811      65725F53 
 811      61766543 
 811      6F6E6669 
 811      6700
 812              	.LASF27:
 813 00e3 46696C74 		.ascii	"Filter_backup\000"
 813      65725F62 
 813      61636B75 
 813      7000
 814              	.LASF12:
 815 00f1 75696E74 		.ascii	"uint16\000"
 815      313600
 816              	.LASF25:
 817 00f8 2E5C4765 		.ascii	".\\Generated_Source\\PSoC5\\Filter_PM.c\000"
 817      6E657261 
 817      7465645F 
 817      536F7572 
 817      63655C50 
 818              	.LASF4:
 819 011d 756E7369 		.ascii	"unsigned int\000"
 819      676E6564 
 819      20696E74 
 819      00
 820              	.LASF19:
 821 012a 46696C74 		.ascii	"Filter_backupStruct\000"
 821      65725F62 
 821      61636B75 
 821      70537472 
 821      75637400 
 822              	.LASF6:
 823 013e 6C6F6E67 		.ascii	"long long unsigned int\000"
 823      206C6F6E 
 823      6720756E 
 823      7369676E 
 823      65642069 
 824              	.LASF8:
 825 0155 73697A65 		.ascii	"sizetype\000"
 825      74797065 
 825      00
 826              	.LASF5:
 827 015e 6C6F6E67 		.ascii	"long long int\000"
 827      206C6F6E 
 827      6720696E 
 827      7400
 828              	.LASF10:
 829 016c 63686172 		.ascii	"char\000"
 829      00
 830              	.LASF2:
 831 0171 73686F72 		.ascii	"short int\000"
 831      7420696E 
 831      7400
 832              	.LASF24:
 833 017b 474E5520 		.ascii	"GNU C 4.7.3 20130312 (release) [ARM/embedded-4_7-br"
 833      4320342E 
 833      372E3320 
ARM GAS  C:\Users\VICTOR~1\AppData\Local\Temp\ccs9idjb.s 			page 20


 833      32303133 
 833      30333132 
 834 01ae 616E6368 		.ascii	"anch revision 196615]\000"
 834      20726576 
 834      6973696F 
 834      6E203139 
 834      36363135 
 835              	.LASF7:
 836 01c4 6C6F6E67 		.ascii	"long int\000"
 836      20696E74 
 836      00
 837              	.LASF16:
 838 01cd 656E6162 		.ascii	"enableState\000"
 838      6C655374 
 838      61746500 
 839              	.LASF0:
 840 01d9 7369676E 		.ascii	"signed char\000"
 840      65642063 
 840      68617200 
 841              		.ident	"GCC: (GNU Tools for ARM Embedded Processors) 4.7.3 20130312 (release) [ARM/embedded-4_7-br
